{
    "version":  "1.4.0",
    "plugins_used":  [
                         {
                             "name":  "ArtifactoryDetector"
                         },
                         {
                             "name":  "AWSKeyDetector"
                         },
                         {
                             "name":  "AzureStorageKeyDetector"
                         },
                         {
                             "name":  "Base64HighEntropyString",
                             "limit":  4.5
                         },
                         {
                             "name":  "BasicAuthDetector"
                         },
                         {
                             "name":  "CloudantDetector"
                         },
                         {
                             "name":  "DiscordBotTokenDetector"
                         },
                         {
                             "name":  "GitHubTokenDetector"
                         },
                         {
                             "name":  "HexHighEntropyString",
                             "limit":  3.0
                         },
                         {
                             "name":  "IbmCloudIamDetector"
                         },
                         {
                             "name":  "IbmCosHmacDetector"
                         },
                         {
                             "name":  "JwtTokenDetector"
                         },
                         {
                             "name":  "KeywordDetector",
                             "keyword_exclude":  ""
                         },
                         {
                             "name":  "MailchimpDetector"
                         },
                         {
                             "name":  "NpmDetector"
                         },
                         {
                             "name":  "PrivateKeyDetector"
                         },
                         {
                             "name":  "SendGridDetector"
                         },
                         {
                             "name":  "SlackDetector"
                         },
                         {
                             "name":  "SoftlayerDetector"
                         },
                         {
                             "name":  "SquareOAuthDetector"
                         },
                         {
                             "name":  "StripeDetector"
                         },
                         {
                             "name":  "TwilioKeyDetector"
                         }
                     ],
    "filters_used":  [
                         {
                             "path":  "detect_secrets.filters.allowlist.is_line_allowlisted"
                         },
                         {
                             "path":  "detect_secrets.filters.common.is_ignored_due_to_verification_policies",
                             "min_level":  2
                         },
                         {
                             "path":  "detect_secrets.filters.heuristic.is_indirect_reference"
                         },
                         {
                             "path":  "detect_secrets.filters.heuristic.is_likely_id_string"
                         },
                         {
                             "path":  "detect_secrets.filters.heuristic.is_lock_file"
                         },
                         {
                             "path":  "detect_secrets.filters.heuristic.is_not_alphanumeric_string"
                         },
                         {
                             "path":  "detect_secrets.filters.heuristic.is_potential_uuid"
                         },
                         {
                             "path":  "detect_secrets.filters.heuristic.is_prefixed_with_dollar_sign"
                         },
                         {
                             "path":  "detect_secrets.filters.heuristic.is_sequential_string"
                         },
                         {
                             "path":  "detect_secrets.filters.heuristic.is_swagger_file"
                         },
                         {
                             "path":  "detect_secrets.filters.heuristic.is_templated_secret"
                         },
                         {
                             "path":  "detect_secrets.filters.regex.should_exclude_file",
                             "pattern":  [
                                             "Cargo\\.lock"
                                         ]
                         }
                     ],
    "results":  {
                    "crates/veil-detect/src/patterns/national_id_de.rs":  [
                                                                              {
                                                                                  "type":  "Base64 High Entropy String",
                                                                                  "filename":  "crates/veil-detect/src/patterns/national_id_de.rs",
                                                                                  "hashed_secret":  "abad5471b0a485b77205cea5d607704e3fdd9135",
                                                                                  "is_verified":  false,
                                                                                  "line_number":  21
                                                                              }
                                                                          ],
                    "crates/veil-detect/src/patterns/passport.rs":  [
                                                                        {
                                                                            "type":  "Hex High Entropy String",
                                                                            "filename":  "crates/veil-detect/src/patterns/passport.rs",
                                                                            "hashed_secret":  "f3e0d184814b86dc1c4eb623edde7610cf212567",
                                                                            "is_verified":  false,
                                                                            "line_number":  162
                                                                        },
                                                                        {
                                                                            "type":  "Hex High Entropy String",
                                                                            "filename":  "crates/veil-detect/src/patterns/passport.rs",
                                                                            "hashed_secret":  "5f5414061898a1fd090f965c1d8c410970beae8f",
                                                                            "is_verified":  false,
                                                                            "line_number":  214
                                                                        },
                                                                        {
                                                                            "type":  "Hex High Entropy String",
                                                                            "filename":  "crates/veil-detect/src/patterns/passport.rs",
                                                                            "hashed_secret":  "cc7255129da5100afc52cf1b5f035c90f6ef8094",
                                                                            "is_verified":  false,
                                                                            "line_number":  224
                                                                        }
                                                                    ],
                    "crates/veil-crypto/src/tokenize.rs":  [
                                                               {
                                                                   "type":  "Hex High Entropy String",
                                                                   "filename":  "crates/veil-crypto/src/tokenize.rs",
                                                                   "hashed_secret":  "bc4db52dee09e9c3fd09b939e911b35da9c250f4",
                                                                   "is_verified":  false,
                                                                   "line_number":  18
                                                               },
                                                               {
                                                                   "type":  "Hex High Entropy String",
                                                                   "filename":  "crates/veil-crypto/src/tokenize.rs",
                                                                   "hashed_secret":  "88dcb1f2aaa91646b9e0658fca3f1b384d5def41",
                                                                   "is_verified":  false,
                                                                   "line_number":  20
                                                               },
                                                               {
                                                                   "type":  "Hex High Entropy String",
                                                                   "filename":  "crates/veil-crypto/src/tokenize.rs",
                                                                   "hashed_secret":  "18c578c8f5e3cf826678ebfcbcf37c5af6c12e13",
                                                                   "is_verified":  false,
                                                                   "line_number":  22
                                                               }
                                                           ],
                    "crates/veil-detect/src/patterns/vat_number.rs":  [
                                                                          {
                                                                              "type":  "Hex High Entropy String",
                                                                              "filename":  "crates/veil-detect/src/patterns/vat_number.rs",
                                                                              "hashed_secret":  "55c36e8cb46ab2e0b6db5db61fa8895c8125bbcb",
                                                                              "is_verified":  false,
                                                                              "line_number":  257
                                                                          }
                                                                      ],
                    "crates/veil-detect/tests/eu_dach_integration_tests.rs":  [
                                                                                  {
                                                                                      "type":  "Hex High Entropy String",
                                                                                      "filename":  "crates/veil-detect/tests/eu_dach_integration_tests.rs",
                                                                                      "hashed_secret":  "55c36e8cb46ab2e0b6db5db61fa8895c8125bbcb",
                                                                                      "is_verified":  false,
                                                                                      "line_number":  269
                                                                                  },
                                                                                  {
                                                                                      "type":  "Hex High Entropy String",
                                                                                      "filename":  "crates/veil-detect/tests/eu_dach_integration_tests.rs",
                                                                                      "hashed_secret":  "55af80d497aae60c3050061af3761db694a897e0",
                                                                                      "is_verified":  false,
                                                                                      "line_number":  462
                                                                                  }
                                                                              ],
                    "crates/veil-detect/tests/property_tests.proptest-regressions":  [
                                                                                         {
                                                                                             "type":  "Hex High Entropy String",
                                                                                             "filename":  "crates/veil-detect/tests/property_tests.proptest-regressions",
                                                                                             "hashed_secret":  "3f8f1bb9a709f1548620c2d571d0058c220b36aa",
                                                                                             "is_verified":  false,
                                                                                             "line_number":  7
                                                                                         }
                                                                                     ],
                    "crates/veil-detect/tests/property_tests.rs":  [
                                                                       {
                                                                           "type":  "Hex High Entropy String",
                                                                           "filename":  "crates/veil-detect/tests/property_tests.rs",
                                                                           "hashed_secret":  "ef8d64305db24a878a236709563479e89d23f9a4",
                                                                           "is_verified":  false,
                                                                           "line_number":  246
                                                                       }
                                                                   ],
                    "crates/veil-detect/src/patterns/drivers_license.rs":  [
                                                                               {
                                                                                   "type":  "Hex High Entropy String",
                                                                                   "filename":  "crates/veil-detect/src/patterns/drivers_license.rs",
                                                                                   "hashed_secret":  "720225cf13f7fad3f66a00f7c41aad726b44d759",
                                                                                   "is_verified":  false,
                                                                                   "line_number":  172
                                                                               },
                                                                               {
                                                                                   "type":  "Hex High Entropy String",
                                                                                   "filename":  "crates/veil-detect/src/patterns/drivers_license.rs",
                                                                                   "hashed_secret":  "ea84e4db049b091bd99de86752a965007caff673",
                                                                                   "is_verified":  false,
                                                                                   "line_number":  182
                                                                               }
                                                                           ],
                    "crates/veil-detect/src/patterns/iban.rs":  [
                                                                    {
                                                                        "type":  "Hex High Entropy String",
                                                                        "filename":  "crates/veil-detect/src/patterns/iban.rs",
                                                                        "hashed_secret":  "0e62a76a842e88a72a2054872f0d5a5a974d2e37",
                                                                        "is_verified":  false,
                                                                        "line_number":  107
                                                                    }
                                                                ]
                },
    "generated_at":  "2026-01-02T19:59:53Z"
}